Release 14.7 - xst P.20131013 (nt64)
Copyright (c) 1995-2013 Xilinx, Inc.  All rights reserved.
--> Parameter TMPDIR set to xst/projnav.tmp


Total REAL time to Xst completion: 0.00 secs
Total CPU time to Xst completion: 0.08 secs
 
--> Parameter xsthdpdir set to xst


Total REAL time to Xst completion: 0.00 secs
Total CPU time to Xst completion: 0.08 secs
 
--> Reading design: top.prj

TABLE OF CONTENTS
  1) Synthesis Options Summary
  2) HDL Parsing
  3) HDL Elaboration
  4) HDL Synthesis
       4.1) HDL Synthesis Report
  5) Advanced HDL Synthesis
       5.1) Advanced HDL Synthesis Report
  6) Low Level Synthesis
  7) Partition Report
  8) Design Summary
       8.1) Primitive and Black Box Usage
       8.2) Device utilization summary
       8.3) Partition Resource Summary
       8.4) Timing Report
            8.4.1) Clock Information
            8.4.2) Asynchronous Control Signals Information
            8.4.3) Timing Summary
            8.4.4) Timing Details
            8.4.5) Cross Clock Domains Report


=========================================================================
*                      Synthesis Options Summary                        *
=========================================================================
---- Source Parameters
Input File Name                    : "top.prj"
Ignore Synthesis Constraint File   : NO

---- Target Parameters
Output File Name                   : "top"
Output Format                      : NGC
Target Device                      : xc6vlx240t-1-ff1156

---- Source Options
Top Module Name                    : top
Automatic FSM Extraction           : YES
FSM Encoding Algorithm             : Auto
Safe Implementation                : No
FSM Style                          : LUT
RAM Extraction                     : Yes
RAM Style                          : Auto
ROM Extraction                     : Yes
Shift Register Extraction          : YES
ROM Style                          : Auto
Resource Sharing                   : YES
Asynchronous To Synchronous        : NO
Shift Register Minimum Size        : 2
Use DSP Block                      : Auto
Automatic Register Balancing       : No

---- Target Options
LUT Combining                      : Auto
Reduce Control Sets                : Auto
Add IO Buffers                     : YES
Global Maximum Fanout              : 100000
Add Generic Clock Buffer(BUFG)     : 32
Register Duplication               : YES
Optimize Instantiated Primitives   : NO
Use Clock Enable                   : Auto
Use Synchronous Set                : Auto
Use Synchronous Reset              : Auto
Pack IO Registers into IOBs        : Auto
Equivalent register Removal        : YES

---- General Options
Optimization Goal                  : Speed
Optimization Effort                : 1
Power Reduction                    : NO
Keep Hierarchy                     : No
Netlist Hierarchy                  : As_Optimized
RTL Output                         : Yes
Global Optimization                : AllClockNets
Read Cores                         : YES
Write Timing Constraints           : NO
Cross Clock Analysis               : NO
Hierarchy Separator                : /
Bus Delimiter                      : <>
Case Specifier                     : Maintain
Slice Utilization Ratio            : 100
BRAM Utilization Ratio             : 100
DSP48 Utilization Ratio            : 100
Auto BRAM Packing                  : NO
Slice Utilization Ratio Delta      : 5

=========================================================================


=========================================================================
*                          HDL Parsing                                  *
=========================================================================
Analyzing Verilog file "D:\GIT\ML605_AD9284\HDL\Test01\top.v" into library work
Parsing module <top>.

=========================================================================
*                            HDL Elaboration                            *
=========================================================================

Elaborating module <top>.

Elaborating module <IBUFGDS>.

Elaborating module <BUFR(SIM_DEVICE="VIRTEX6")>.

Elaborating module <IBUFDS>.

Elaborating module <IODELAYE1(CINVCTRL_SEL="FALSE",DELAY_SRC="I",HIGH_PERFORMANCE_MODE="TRUE",IDELAY_TYPE="DEFAULT",IDELAY_VALUE=0,ODELAY_TYPE="FIXED",ODELAY_VALUE=0,REFCLK_FREQUENCY=200.0,SIGNAL_PATTERN="DATA")>.

Elaborating module <IDDR(INIT_Q1=1'b0,INIT_Q2=1'b0,DDR_CLK_EDGE="SAME_EDGE_PIPELINED",SRTYPE="ASYNC")>.

=========================================================================
*                           HDL Synthesis                               *
=========================================================================

Synthesizing Unit <top>.
    Related source file is "D:\GIT\ML605_AD9284\HDL\Test01\top.v".
        C_IODELAY_GROUP = "adc_if_delay_group"
    Set property "IODELAY_GROUP = ADC_IF_DELAY_GROUP" for instance <adc_input[0].i_data_idelay>.
    Set property "IODELAY_GROUP = ADC_IF_DELAY_GROUP" for instance <adc_input[1].i_data_idelay>.
    Set property "IODELAY_GROUP = ADC_IF_DELAY_GROUP" for instance <adc_input[2].i_data_idelay>.
    Set property "IODELAY_GROUP = ADC_IF_DELAY_GROUP" for instance <adc_input[3].i_data_idelay>.
    Set property "IODELAY_GROUP = ADC_IF_DELAY_GROUP" for instance <adc_input[4].i_data_idelay>.
    Set property "IODELAY_GROUP = ADC_IF_DELAY_GROUP" for instance <adc_input[5].i_data_idelay>.
    Set property "IODELAY_GROUP = ADC_IF_DELAY_GROUP" for instance <adc_input[6].i_data_idelay>.
    Set property "IODELAY_GROUP = ADC_IF_DELAY_GROUP" for instance <adc_input[7].i_data_idelay>.
    Summary:
	no macro.
Unit <top> synthesized.

=========================================================================
HDL Synthesis Report

Found no macro
=========================================================================

=========================================================================
*                       Advanced HDL Synthesis                          *
=========================================================================


=========================================================================
Advanced HDL Synthesis Report

Found no macro
=========================================================================

=========================================================================
*                         Low Level Synthesis                           *
=========================================================================
INFO:Xst:1901 - Instance adc_input[0].i_data_ddr in unit top of type IDDR has been replaced by IDDR_2CLK
INFO:Xst:1901 - Instance adc_input[1].i_data_ddr in unit top of type IDDR has been replaced by IDDR_2CLK
INFO:Xst:1901 - Instance adc_input[2].i_data_ddr in unit top of type IDDR has been replaced by IDDR_2CLK
INFO:Xst:1901 - Instance adc_input[3].i_data_ddr in unit top of type IDDR has been replaced by IDDR_2CLK
INFO:Xst:1901 - Instance adc_input[4].i_data_ddr in unit top of type IDDR has been replaced by IDDR_2CLK
INFO:Xst:1901 - Instance adc_input[5].i_data_ddr in unit top of type IDDR has been replaced by IDDR_2CLK
INFO:Xst:1901 - Instance adc_input[6].i_data_ddr in unit top of type IDDR has been replaced by IDDR_2CLK
INFO:Xst:1901 - Instance adc_input[7].i_data_ddr in unit top of type IDDR has been replaced by IDDR_2CLK

Optimizing unit <top> ...

Mapping all equations...
Building and optimizing final netlist ...
Found area constraint ratio of 100 (+ 5) on block top, actual ratio is 0.

Final Macro Processing ...

=========================================================================
Final Register Report

Found no macro
=========================================================================

=========================================================================
*                           Partition Report                            *
=========================================================================

Partition Implementation Status
-------------------------------

  No Partitions were found in this design.

-------------------------------

=========================================================================
*                            Design Summary                             *
=========================================================================

Top Level Output File Name         : top.ngc

Primitive and Black Box Usage:
------------------------------
# BELS                             : 4
#      GND                         : 1
#      INV                         : 2
#      VCC                         : 1
# FlipFlops/Latches                : 8
#      IDDR_2CLK                   : 8
# IO Buffers                       : 17
#      IBUFDS                      : 8
#      IBUFGDS                     : 1
#      OBUF                        : 8
# Others                           : 9
#      BUFR                        : 1
#      IODELAYE1                   : 8

Device utilization summary:
---------------------------

Selected Device : 6vlx240tff1156-1 


Slice Logic Utilization: 
 Number of Slice Registers:               8  out of  301440     0%  
 Number of Slice LUTs:                    2  out of  150720     0%  
    Number used as Logic:                 2  out of  150720     0%  

Slice Logic Distribution: 
 Number of LUT Flip Flop pairs used:     10
   Number with an unused Flip Flop:       2  out of     10    20%  
   Number with an unused LUT:             8  out of     10    80%  
   Number of fully used LUT-FF pairs:     0  out of     10     0%  
   Number of unique control sets:         0

IO Utilization: 
 Number of IOs:                          26
 Number of bonded IOBs:                  26  out of    600     4%  

Specific Feature Utilization:

---------------------------
Partition Resource Summary:
---------------------------

  No Partitions were found in this design.

---------------------------


=========================================================================
Timing Report

NOTE: THESE TIMING NUMBERS ARE ONLY A SYNTHESIS ESTIMATE.
      FOR ACCURATE TIMING INFORMATION PLEASE REFER TO THE TRACE REPORT
      GENERATED AFTER PLACE-and-ROUTE.

Clock Information:
------------------
-----------------------------------+------------------------+-------+
Clock Signal                       | Clock buffer(FF name)  | Load  |
-----------------------------------+------------------------+-------+
adc_dco_in_p                       | IBUFGDS                | 1     |
-----------------------------------+------------------------+-------+

Asynchronous Control Signals Information:
----------------------------------------
-----------------------------------+------------------------+-------+
Control Signal                     | Buffer(FF name)        | Load  |
-----------------------------------+------------------------+-------+
N0(XST_VCC:P)                      | NONE(adc_dco_bufr)     | 1     |
N1(XST_GND:G)                      | NONE(adc_dco_bufr)     | 1     |
-----------------------------------+------------------------+-------+

Timing Summary:
---------------
Speed Grade: -1

   Minimum period: No path found
   Minimum input arrival time before clock: No path found
   Maximum output required time after clock: No path found
   Maximum combinational path delay: 0.887ns

Timing Details:
---------------
All values displayed in nanoseconds (ns)

=========================================================================
Timing constraint: Default path analysis
  Total number of paths / destination ports: 32 / 24
-------------------------------------------------------------------------
Delay:               0.887ns (Levels of Logic = 2)
  Source:            adc_input[7].i_data_ddr:Q1 (PAD)
  Destination:       leds<7> (PAD)

  Data Path: adc_input[7].i_data_ddr:Q1 to leds<7>
                                Gate     Net
    Cell:in->out      fanout   Delay   Delay  Logical Name (Net Name)
    ----------------------------------------  ------------
    IDDR_2CLK:Q1           1   0.000   0.399  adc_input[7].i_data_ddr (adc_data_p_s<7>)
     INV:I->O              1   0.086   0.399  leds<7>1_INV_0 (leds_7_OBUF)
     OBUF:I->O                 0.003          leds_7_OBUF (leds<7>)
    ----------------------------------------
    Total                      0.887ns (0.089ns logic, 0.798ns route)
                                       (10.0% logic, 90.0% route)

=========================================================================

Cross Clock Domains Report:
--------------------------

=========================================================================


Total REAL time to Xst completion: 5.00 secs
Total CPU time to Xst completion: 5.43 secs
 
--> 

Total memory usage is 256168 kilobytes

Number of errors   :    0 (   0 filtered)
Number of warnings :    0 (   0 filtered)
Number of infos    :    8 (   0 filtered)

