Release 14.7 Map P.20131013 (nt64)
Xilinx Map Application Log File for Design 'top'

Design Information
------------------
Command Line   : map -intstyle ise -p xc6vlx240t-ff1156-1 -w -logic_opt off -ol
high -t 1 -xt 0 -register_duplication off -r 4 -global_opt off -mt off -ir off
-pr off -lc off -power off -o top_map.ncd top.ngd top.pcf 
Target Device  : xc6vlx240t
Target Package : ff1156
Target Speed   : -1
Mapper Version : virtex6 -- $Revision: 1.55 $
Mapped Date    : Sun Jan 31 02:20:45 2021

Mapping design into LUTs...
ERROR:MapLib:30 - LOC constraint BB31 on ML605_GPIO_Switches<7> is invalid: No
   such site on the device. To bypass this error set the environment variable
   'XIL_MAP_LOCWARN'.
ERROR:MapLib:30 - LOC constraint BA30 on ML605_GPIO_Switches<6> is invalid: No
   such site on the device. To bypass this error set the environment variable
   'XIL_MAP_LOCWARN'.
ERROR:MapLib:30 - LOC constraint AY30 on ML605_GPIO_Switches<5> is invalid: No
   such site on the device. To bypass this error set the environment variable
   'XIL_MAP_LOCWARN'.
ERROR:MapLib:30 - LOC constraint AW30 on ML605_GPIO_Switches<4> is invalid: No
   such site on the device. To bypass this error set the environment variable
   'XIL_MAP_LOCWARN'.
ERROR:MapLib:30 - LOC constraint BA32 on ML605_GPIO_Switches<3> is invalid: No
   such site on the device. To bypass this error set the environment variable
   'XIL_MAP_LOCWARN'.
ERROR:MapLib:30 - LOC constraint BA31 on ML605_GPIO_Switches<2> is invalid: No
   such site on the device. To bypass this error set the environment variable
   'XIL_MAP_LOCWARN'.
ERROR:MapLib:30 - LOC constraint AY33 on ML605_GPIO_Switches<1> is invalid: No
   such site on the device. To bypass this error set the environment variable
   'XIL_MAP_LOCWARN'.
ERROR:MapLib:30 - LOC constraint AV30 on ML605_GPIO_Switches<0> is invalid: No
   such site on the device. To bypass this error set the environment variable
   'XIL_MAP_LOCWARN'.

Error found in mapping process, exiting...
Errors found during the mapping phase.  Please see map report file for more
details.  Output files will not be written.

Design Summary
--------------
Number of errors   :   8
Number of warnings :   0
